../Core/Inc/stm32-hal-rfm95/rfm95.c:73:13:read_register	40	static
../Core/Inc/stm32-hal-rfm95/rfm95.c:92:13:write_register	24	static
../Core/Inc/stm32-hal-rfm95/rfm95.c:107:13:config_set_channel	24	static
../Core/Inc/stm32-hal-rfm95/rfm95.c:114:13:config_load_default	16	static
../Core/Inc/stm32-hal-rfm95/rfm95.c:126:13:reset	16	static
../Core/Inc/stm32-hal-rfm95/rfm95.c:134:13:configure_frequency	48	static
../Core/Inc/stm32-hal-rfm95/rfm95.c:146:13:configure_channel	16	static
../Core/Inc/stm32-hal-rfm95/rfm95.c:152:13:wait_for_irq	40	static
../Core/Inc/stm32-hal-rfm95/rfm95.c:165:13:wait_for_rx_irqs	32	static
../Core/Inc/stm32-hal-rfm95/rfm95.c:179:6:rfm95_set_power	32	static
../Core/Inc/stm32-hal-rfm95/rfm95.c:205:6:rfm95_init	40	static
../Core/Inc/stm32-hal-rfm95/rfm95.c:274:13:process_mac_commands	72	static
../Core/Inc/stm32-hal-rfm95/rfm95.c:412:13:receive_at_scheduled_time	24	static
../Core/Inc/stm32-hal-rfm95/rfm95.c:438:13:calculate_rx_timings	64	static
../Core/Inc/stm32-hal-rfm95/rfm95.c:451:13:receive_package	64	static
../Core/Inc/stm32-hal-rfm95/rfm95.c:536:13:send_package	32	static
../Core/Inc/stm32-hal-rfm95/rfm95.c:592:15:encode_phy_payload	64	static
../Core/Inc/stm32-hal-rfm95/rfm95.c:634:13:decode_phy_payload	72	static
../Core/Inc/stm32-hal-rfm95/rfm95.c:692:16:select_random_channel	32	static
../Core/Inc/stm32-hal-rfm95/rfm95.c:717:6:rfm95_send_receive_cycle	192	static
../Core/Inc/stm32-hal-rfm95/rfm95.c:800:6:rfm95_on_interrupt	24	static
